#!/bin/bash
# Quick Reference Card - Phase Execution Commands

cat << 'EOF'
â•”â•â•â•â•â•â•â•â•â•â•â•â•â•â•â•â•â•â•â•â•â•â•â•â•â•â•â•â•â•â•â•â•â•â•â•â•â•â•â•â•â•â•â•â•â•â•â•â•â•â•â•â•â•â•â•â•â•â•â•â•â•â•â•â•—
â•‘  PIA VPN nftables Setup - Quick Reference                    â•‘
â•‘  Copy & paste these commands in order                        â•‘
â•šâ•â•â•â•â•â•â•â•â•â•â•â•â•â•â•â•â•â•â•â•â•â•â•â•â•â•â•â•â•â•â•â•â•â•â•â•â•â•â•â•â•â•â•â•â•â•â•â•â•â•â•â•â•â•â•â•â•â•â•â•â•â•â•â•

STEP-BY-STEP COMMANDS
â•â•â•â•â•â•â•â•â•â•â•â•â•â•â•â•â•â•â•â•â•â•â•â•â•â•â•â•â•â•â•â•â•â•â•â•â•â•â•â•â•â•â•â•â•â•â•â•â•â•â•â•â•â•â•â•â•â•â•â•â•â•â•

Navigate to script directory:
$ cd /path/to/VPN_TS_V2

Phase 1: BACKUP (with sudo)
â”€â”€â”€â”€â”€â”€â”€â”€â”€â”€â”€â”€â”€â”€â”€â”€â”€â”€â”€â”€â”€â”€â”€â”€â”€â”€â”€â”€â”€â”€â”€â”€â”€â”€â”€â”€â”€â”€â”€â”€â”€â”€â”€â”€â”€â”€â”€â”€â”€â”€â”€â”€â”€â”€â”€â”€â”€â”€â”€â”€â”€â”€â”€
$ sudo bash PHASE1-backup.sh

Expected output:
  âœ“ nftables rules backed up
  âœ“ iptables rules backed up
  âœ“ Routes backed up
  âœ“ resolved.conf backed up
  âœ“ Emergency recovery installed

If you see errors about passwords, run with:
$ sudo -s
$ bash PHASE1-backup.sh
$ exit

â”€â”€â”€â”€â”€â”€â”€â”€â”€â”€â”€â”€â”€â”€â”€â”€â”€â”€â”€â”€â”€â”€â”€â”€â”€â”€â”€â”€â”€â”€â”€â”€â”€â”€â”€â”€â”€â”€â”€â”€â”€â”€â”€â”€â”€â”€â”€â”€â”€â”€â”€â”€â”€â”€â”€â”€â”€â”€â”€â”€â”€â”€â”€

Phase 2: ROUTING CHECK (no sudo needed)
â”€â”€â”€â”€â”€â”€â”€â”€â”€â”€â”€â”€â”€â”€â”€â”€â”€â”€â”€â”€â”€â”€â”€â”€â”€â”€â”€â”€â”€â”€â”€â”€â”€â”€â”€â”€â”€â”€â”€â”€â”€â”€â”€â”€â”€â”€â”€â”€â”€â”€â”€â”€â”€â”€â”€â”€â”€â”€â”€â”€â”€â”€â”€
$ bash PHASE2-routing-check.sh

Expected output:
  Analysis shows current routes
  If multi-interface detected, offers options

â”€â”€â”€â”€â”€â”€â”€â”€â”€â”€â”€â”€â”€â”€â”€â”€â”€â”€â”€â”€â”€â”€â”€â”€â”€â”€â”€â”€â”€â”€â”€â”€â”€â”€â”€â”€â”€â”€â”€â”€â”€â”€â”€â”€â”€â”€â”€â”€â”€â”€â”€â”€â”€â”€â”€â”€â”€â”€â”€â”€â”€â”€â”€

Phase 3: PIA CONFIG (no sudo needed)
â”€â”€â”€â”€â”€â”€â”€â”€â”€â”€â”€â”€â”€â”€â”€â”€â”€â”€â”€â”€â”€â”€â”€â”€â”€â”€â”€â”€â”€â”€â”€â”€â”€â”€â”€â”€â”€â”€â”€â”€â”€â”€â”€â”€â”€â”€â”€â”€â”€â”€â”€â”€â”€â”€â”€â”€â”€â”€â”€â”€â”€â”€â”€
$ bash PHASE3-pia-config.sh

Expected output:
  Kill Switch: off (disabled)
  Allow LAN: true (enabled)

â”€â”€â”€â”€â”€â”€â”€â”€â”€â”€â”€â”€â”€â”€â”€â”€â”€â”€â”€â”€â”€â”€â”€â”€â”€â”€â”€â”€â”€â”€â”€â”€â”€â”€â”€â”€â”€â”€â”€â”€â”€â”€â”€â”€â”€â”€â”€â”€â”€â”€â”€â”€â”€â”€â”€â”€â”€â”€â”€â”€â”€â”€â”€

Phase 4: NFTABLES INSTALL (with sudo)
â”€â”€â”€â”€â”€â”€â”€â”€â”€â”€â”€â”€â”€â”€â”€â”€â”€â”€â”€â”€â”€â”€â”€â”€â”€â”€â”€â”€â”€â”€â”€â”€â”€â”€â”€â”€â”€â”€â”€â”€â”€â”€â”€â”€â”€â”€â”€â”€â”€â”€â”€â”€â”€â”€â”€â”€â”€â”€â”€â”€â”€â”€â”€
$ sudo bash PHASE4-nftables-install.sh

Expected output:
  Script runs nftables-pia-setup.sh with root privileges
  You'll see prompts to review and confirm rules
  
âš ï¸  DO NOT skip reviewing the generated rules!

â”€â”€â”€â”€â”€â”€â”€â”€â”€â”€â”€â”€â”€â”€â”€â”€â”€â”€â”€â”€â”€â”€â”€â”€â”€â”€â”€â”€â”€â”€â”€â”€â”€â”€â”€â”€â”€â”€â”€â”€â”€â”€â”€â”€â”€â”€â”€â”€â”€â”€â”€â”€â”€â”€â”€â”€â”€â”€â”€â”€â”€â”€â”€

Phase 5: TEST CONNECTION (no sudo needed)
â”€â”€â”€â”€â”€â”€â”€â”€â”€â”€â”€â”€â”€â”€â”€â”€â”€â”€â”€â”€â”€â”€â”€â”€â”€â”€â”€â”€â”€â”€â”€â”€â”€â”€â”€â”€â”€â”€â”€â”€â”€â”€â”€â”€â”€â”€â”€â”€â”€â”€â”€â”€â”€â”€â”€â”€â”€â”€â”€â”€â”€â”€â”€
$ bash PHASE5-test-connection.sh

Expected output:
  "Attempting to connect to VPN..."
  "âœ“ VPN Connected!"
  "VPN IP: 1.2.3.4" (some IP address)
  
If this fails with "Bad argument REJECT":
  â†’ Phase 4 didn't install rules properly
  â†’ Check: sudo nft list ruleset | grep pia
  â†’ Re-run Phase 4

â”€â”€â”€â”€â”€â”€â”€â”€â”€â”€â”€â”€â”€â”€â”€â”€â”€â”€â”€â”€â”€â”€â”€â”€â”€â”€â”€â”€â”€â”€â”€â”€â”€â”€â”€â”€â”€â”€â”€â”€â”€â”€â”€â”€â”€â”€â”€â”€â”€â”€â”€â”€â”€â”€â”€â”€â”€â”€â”€â”€â”€â”€â”€

Phase 6: VERIFY LEAKS (no sudo needed)
â”€â”€â”€â”€â”€â”€â”€â”€â”€â”€â”€â”€â”€â”€â”€â”€â”€â”€â”€â”€â”€â”€â”€â”€â”€â”€â”€â”€â”€â”€â”€â”€â”€â”€â”€â”€â”€â”€â”€â”€â”€â”€â”€â”€â”€â”€â”€â”€â”€â”€â”€â”€â”€â”€â”€â”€â”€â”€â”€â”€â”€â”€â”€
$ bash PHASE6-verify-leaks.sh

Expected output:
  "âœ“ Public IP matches VPN IP"
  "NO IP LEAK DETECTED"
  
If public IP differs from VPN IP:
  â†’ Kill switch not working
  â†’ Check: sudo nft list ruleset | grep pia
  â†’ Run: sudo /usr/local/bin/pia-emergency-recovery
  â†’ Try again

â”€â”€â”€â”€â”€â”€â”€â”€â”€â”€â”€â”€â”€â”€â”€â”€â”€â”€â”€â”€â”€â”€â”€â”€â”€â”€â”€â”€â”€â”€â”€â”€â”€â”€â”€â”€â”€â”€â”€â”€â”€â”€â”€â”€â”€â”€â”€â”€â”€â”€â”€â”€â”€â”€â”€â”€â”€â”€â”€â”€â”€â”€â”€

Phase 7: MONITOR (ongoing)
â”€â”€â”€â”€â”€â”€â”€â”€â”€â”€â”€â”€â”€â”€â”€â”€â”€â”€â”€â”€â”€â”€â”€â”€â”€â”€â”€â”€â”€â”€â”€â”€â”€â”€â”€â”€â”€â”€â”€â”€â”€â”€â”€â”€â”€â”€â”€â”€â”€â”€â”€â”€â”€â”€â”€â”€â”€â”€â”€â”€â”€â”€â”€

Run these periodically (e.g., every 2-6 hours):

Check connection status:
$ piactl get connectionstate
$ piactl get vpnip

Check for IP leaks:
$ curl https://api.ipify.org

Check daemon for errors:
$ sudo tail -50 /opt/piavpn/var/daemon.log

Check firewall blocks:
$ sudo journalctl --since "1 hour ago" | grep "PIA-BLOCKED"

â•â•â•â•â•â•â•â•â•â•â•â•â•â•â•â•â•â•â•â•â•â•â•â•â•â•â•â•â•â•â•â•â•â•â•â•â•â•â•â•â•â•â•â•â•â•â•â•â•â•â•â•â•â•â•â•â•â•â•â•â•â•â•

TROUBLESHOOTING QUICK REFERENCE
â•â•â•â•â•â•â•â•â•â•â•â•â•â•â•â•â•â•â•â•â•â•â•â•â•â•â•â•â•â•â•â•â•â•â•â•â•â•â•â•â•â•â•â•â•â•â•â•â•â•â•â•â•â•â•â•â•â•â•â•â•â•â•

Problem: "piactl command not found"
Solution: piactl location: /usr/local/bin/piactl
         Or use full path: /usr/local/bin/piactl connect

Problem: "sudo: command not found"
Solution: This shouldn't happen on Linux
         Try: su -s /bin/bash
         Then run commands with full paths

Problem: Password prompted repeatedly
Solution: Run as: sudo -s
         (enters root shell, no more password prompts)
         exit  (to leave root shell)

Problem: "VPN won't connect"
Solution: Check daemon logs:
         $ sudo tail -50 /opt/piavpn/var/daemon.log
         
         Look for: "Bad argument REJECT"
         â†’ Means nftables rules didn't apply correctly
         â†’ Re-run Phase 4

Problem: "IP leak detected"
Solution: Kill switch not blocking traffic
         $ sudo nft list ruleset | grep "pia-vpn"
         â†’ If nothing shown, rules didn't load
         â†’ Re-run Phase 4

Problem: "Lost internet - need recovery"
Solution: $ sudo /usr/local/bin/pia-emergency-recovery
         Then follow prompts to restore connectivity

â•â•â•â•â•â•â•â•â•â•â•â•â•â•â•â•â•â•â•â•â•â•â•â•â•â•â•â•â•â•â•â•â•â•â•â•â•â•â•â•â•â•â•â•â•â•â•â•â•â•â•â•â•â•â•â•â•â•â•â•â•â•â•

FILES CREATED
â•â•â•â•â•â•â•â•â•â•â•â•â•â•â•â•â•â•â•â•â•â•â•â•â•â•â•â•â•â•â•â•â•â•â•â•â•â•â•â•â•â•â•â•â•â•â•â•â•â•â•â•â•â•â•â•â•â•â•â•â•â•â•

PHASE1-backup.sh          â†’ Backup script
PHASE2-routing-check.sh   â†’ Routing analysis
PHASE3-pia-config.sh      â†’ PIA CLI configuration
PHASE4-nftables-install.sh â†’ Nftables rule installation
PHASE5-test-connection.sh  â†’ VPN connectivity test
PHASE6-verify-leaks.sh     â†’ Leak verification tests
MASTER_EXECUTION_GUIDE.txt â†’ Full documentation
QUICK_REFERENCE.txt        â†’ This file

Original scripts still available:
emergency-recovery.sh      â†’ Recovery tool
nftables-pia-setup.sh     â†’ Nftables configuration
pia-diagnostic.sh         â†’ Full diagnostics
pia-config-validator.sh   â†’ Configuration validator
multi-interface-routing.sh â†’ Routing manager

â•â•â•â•â•â•â•â•â•â•â•â•â•â•â•â•â•â•â•â•â•â•â•â•â•â•â•â•â•â•â•â•â•â•â•â•â•â•â•â•â•â•â•â•â•â•â•â•â•â•â•â•â•â•â•â•â•â•â•â•â•â•â•

BACKUPS LOCATION
â•â•â•â•â•â•â•â•â•â•â•â•â•â•â•â•â•â•â•â•â•â•â•â•â•â•â•â•â•â•â•â•â•â•â•â•â•â•â•â•â•â•â•â•â•â•â•â•â•â•â•â•â•â•â•â•â•â•â•â•â•â•â•

After Phase 1, backups saved to:
  ~/pia-backup-20251229-HHMMSS/

Contains:
  â€¢ nftables-*.nft      (firewall rules)
  â€¢ iptables-*.rules    (iptables rules)
  â€¢ routes-*.txt        (routing table)
  â€¢ resolved.conf       (DNS config)
  â€¢ ufw-backup/         (UFW config if present)
  â€¢ pia-etc-backup/     (PIA settings)

If you need to restore:
  $ sudo nft flush ruleset
  $ sudo nft -f ~/pia-backup-*/nftables-*.nft

â•â•â•â•â•â•â•â•â•â•â•â•â•â•â•â•â•â•â•â•â•â•â•â•â•â•â•â•â•â•â•â•â•â•â•â•â•â•â•â•â•â•â•â•â•â•â•â•â•â•â•â•â•â•â•â•â•â•â•â•â•â•â•

EMERGENCY RECOVERY
â•â•â•â•â•â•â•â•â•â•â•â•â•â•â•â•â•â•â•â•â•â•â•â•â•â•â•â•â•â•â•â•â•â•â•â•â•â•â•â•â•â•â•â•â•â•â•â•â•â•â•â•â•â•â•â•â•â•â•â•â•â•â•

If everything breaks and you lose network:

$ sudo /usr/local/bin/pia-emergency-recovery

This will:
  1. Stop PIA service
  2. Remove VPN interface (tun0)
  3. Flush firewall rules
  4. Restore network connectivity
  5. Show recovery log

Then manually restore from backups if needed.

â•â•â•â•â•â•â•â•â•â•â•â•â•â•â•â•â•â•â•â•â•â•â•â•â•â•â•â•â•â•â•â•â•â•â•â•â•â•â•â•â•â•â•â•â•â•â•â•â•â•â•â•â•â•â•â•â•â•â•â•â•â•â•

READY TO START?

$ cd /path/to/VPN_TS_V2
$ sudo bash PHASE1-backup.sh

Good luck! ðŸš€
EOF
